2026-06-07 22:52:17,348 INFO Device: cuda | Mode: full | k values: [7, 14, 30] | Models: ['triline_lstm_2l', 'triline_lstm_4l', 'triline_transformer_v2']
2026-06-07 22:52:17,348 INFO Epochs: 200 | Patience: 30
2026-06-07 22:52:17,348 INFO === with_weather | k=7 ===
2026-06-07 22:52:29,687 INFO Training triline_lstm_2l k=7 with_weather
2026-06-07 22:53:29,265 INFO   triline_lstm_2l_k7 early stop at epoch 43 (best epoch 13)
2026-06-07 22:53:29,386 INFO   triline_lstm_2l k=7 with_weather: mean_err=31.2879 median_err=21.2900 fly_recall=0.6211
2026-06-07 22:53:29,386 INFO Training triline_lstm_4l k=7 with_weather
2026-06-07 22:55:22,189 INFO   triline_lstm_4l_k7 early stop at epoch 37 (best epoch 7)
2026-06-07 22:55:22,526 INFO   triline_lstm_4l k=7 with_weather: mean_err=21.7154 median_err=7.6768 fly_recall=0.6817
2026-06-07 22:55:22,526 INFO Training triline_transformer_v2 k=7 with_weather
2026-06-07 22:57:36,416 INFO   triline_transformer_v2_k7 early stop at epoch 53 (best epoch 23)
2026-06-07 22:57:36,610 INFO   triline_transformer_v2 k=7 with_weather: mean_err=25.4491 median_err=13.5609 fly_recall=0.6366
2026-06-07 22:57:36,611 INFO === with_weather | k=14 ===
2026-06-07 22:57:48,564 INFO Training triline_lstm_2l k=14 with_weather
2026-06-07 22:58:39,312 INFO   triline_lstm_2l_k14 early stop at epoch 40 (best epoch 10)
2026-06-07 22:58:39,429 INFO   triline_lstm_2l k=14 with_weather: mean_err=31.8228 median_err=21.6316 fly_recall=0.6888
2026-06-07 22:58:39,429 INFO Training triline_lstm_4l k=14 with_weather
2026-06-07 22:59:17,598 INFO   triline_lstm_4l_k14 early stop at epoch 39 (best epoch 9)
2026-06-07 22:59:17,650 INFO   triline_lstm_4l k=14 with_weather: mean_err=20.7101 median_err=5.6441 fly_recall=0.7211
2026-06-07 22:59:17,650 INFO Training triline_transformer_v2 k=14 with_weather
2026-06-07 23:00:17,783 INFO   triline_transformer_v2_k14 early stop at epoch 73 (best epoch 43)
2026-06-07 23:00:17,846 INFO   triline_transformer_v2 k=14 with_weather: mean_err=29.6220 median_err=18.6486 fly_recall=0.7041
2026-06-07 23:00:17,846 INFO === with_weather | k=30 ===
2026-06-07 23:00:23,344 INFO Training triline_lstm_2l k=30 with_weather
2026-06-07 23:00:38,661 INFO   triline_lstm_2l_k30 early stop at epoch 41 (best epoch 11)
2026-06-07 23:00:38,698 INFO   triline_lstm_2l k=30 with_weather: mean_err=28.2782 median_err=18.1805 fly_recall=0.6397
2026-06-07 23:00:38,698 INFO Training triline_lstm_4l k=30 with_weather
2026-06-07 23:01:09,686 INFO   triline_lstm_4l_k30 early stop at epoch 39 (best epoch 9)
2026-06-07 23:01:09,756 INFO   triline_lstm_4l k=30 with_weather: mean_err=21.9745 median_err=8.6778 fly_recall=0.6928
2026-06-07 23:01:09,756 INFO Training triline_transformer_v2 k=30 with_weather
2026-06-07 23:01:44,767 INFO   triline_transformer_v2_k30 early stop at epoch 50 (best epoch 20)
2026-06-07 23:01:44,825 INFO   triline_transformer_v2 k=30 with_weather: mean_err=23.0134 median_err=9.6087 fly_recall=0.6952
2026-06-07 23:01:44,825 INFO === without_weather | k=7 ===
2026-06-07 23:01:51,475 INFO Training triline_lstm_2l k=7 without_weather
2026-06-07 23:02:10,701 INFO   triline_lstm_2l_k7 early stop at epoch 39 (best epoch 9)
2026-06-07 23:02:10,746 INFO   triline_lstm_2l k=7 without_weather: mean_err=30.0168 median_err=19.8562 fly_recall=0.6879
2026-06-07 23:02:10,746 INFO Training triline_lstm_4l k=7 without_weather
2026-06-07 23:02:37,077 INFO   triline_lstm_4l_k7 early stop at epoch 40 (best epoch 10)
2026-06-07 23:02:37,143 INFO   triline_lstm_4l k=7 without_weather: mean_err=23.1882 median_err=9.5756 fly_recall=0.7220
2026-06-07 23:02:37,143 INFO Training triline_transformer_v2 k=7 without_weather
2026-06-07 23:04:37,488 INFO   triline_transformer_v2_k7 early stop at epoch 123 (best epoch 93)
2026-06-07 23:04:37,547 INFO   triline_transformer_v2 k=7 without_weather: mean_err=32.4505 median_err=21.0878 fly_recall=0.6988
2026-06-07 23:04:37,547 INFO === without_weather | k=14 ===
2026-06-07 23:04:43,978 INFO Training triline_lstm_2l k=14 without_weather
2026-06-07 23:05:03,062 INFO   triline_lstm_2l_k14 early stop at epoch 42 (best epoch 12)
2026-06-07 23:05:03,102 INFO   triline_lstm_2l k=14 without_weather: mean_err=31.9377 median_err=21.8462 fly_recall=0.7330
2026-06-07 23:05:03,103 INFO Training triline_lstm_4l k=14 without_weather
2026-06-07 23:05:38,286 INFO   triline_lstm_4l_k14 early stop at epoch 48 (best epoch 18)
2026-06-07 23:05:38,350 INFO   triline_lstm_4l k=14 without_weather: mean_err=22.0021 median_err=5.6750 fly_recall=0.6888
2026-06-07 23:05:38,350 INFO Training triline_transformer_v2 k=14 without_weather
2026-06-07 23:06:54,849 INFO   triline_transformer_v2_k14 early stop at epoch 85 (best epoch 55)
2026-06-07 23:06:54,914 INFO   triline_transformer_v2 k=14 without_weather: mean_err=31.5472 median_err=21.6205 fly_recall=0.7262
2026-06-07 23:06:54,914 INFO === without_weather | k=30 ===
2026-06-07 23:06:59,984 INFO Training triline_lstm_2l k=30 without_weather
2026-06-07 23:07:14,831 INFO   triline_lstm_2l_k30 early stop at epoch 41 (best epoch 11)
2026-06-07 23:07:14,874 INFO   triline_lstm_2l k=30 without_weather: mean_err=27.7474 median_err=17.3710 fly_recall=0.6767
2026-06-07 23:07:14,874 INFO Training triline_lstm_4l k=30 without_weather
2026-06-07 23:07:45,693 INFO   triline_lstm_4l_k30 early stop at epoch 40 (best epoch 10)
2026-06-07 23:07:45,753 INFO   triline_lstm_4l k=30 without_weather: mean_err=23.3405 median_err=10.5870 fly_recall=0.6998
2026-06-07 23:07:45,753 INFO Training triline_transformer_v2 k=30 without_weather
2026-06-07 23:08:40,529 INFO   triline_transformer_v2_k30 early stop at epoch 78 (best epoch 48)
2026-06-07 23:08:40,589 INFO   triline_transformer_v2 k=30 without_weather: mean_err=30.6611 median_err=19.7759 fly_recall=0.7229
2026-06-07 23:08:40,591 INFO Done. Results in D:\UCSD\ECE 228\ECE-228-Project\Transformer_Optimization_Experiment\outputs
