2026-06-07 23:26:08,900 INFO Device: cuda | Mode: full | k: [7, 14, 30] | Models: ['triline_lstm_2l', 'triline_lstm_4l', 'triline_lstm_6l', 'triline_transformer_v2', 'triline_transformer_v3', 'triline_transformer_v3_alibi']
2026-06-07 23:26:08,900 INFO === with_weather k=7 ===
2026-06-07 23:26:19,091 INFO Training triline_lstm_2l k=7 with_weather
2026-06-07 23:26:49,853 INFO   triline_lstm_2l k=7 with_weather: mean=26.3414 med=15.2048 fly_rec=0.6910
2026-06-07 23:26:49,853 INFO Training triline_lstm_4l k=7 with_weather
2026-06-07 23:28:19,316 INFO   triline_lstm_4l k=7 with_weather: mean=22.1937 med=8.5992 fly_rec=0.6599
2026-06-07 23:28:19,316 INFO Training triline_lstm_6l k=7 with_weather
2026-06-07 23:30:04,930 INFO   triline_lstm_6l k=7 with_weather: mean=19.0855 med=3.4165 fly_rec=0.7220
2026-06-07 23:30:04,931 INFO Training triline_transformer_v2 k=7 with_weather
2026-06-07 23:32:06,459 INFO   triline_transformer_v2 k=7 with_weather: mean=24.4573 med=11.5645 fly_rec=0.6708
2026-06-07 23:32:06,459 INFO Training triline_transformer_v3 k=7 with_weather
2026-06-07 23:33:35,140 INFO   triline_transformer_v3 k=7 with_weather: mean=23.6575 med=11.0888 fly_rec=0.7127
2026-06-07 23:33:35,141 INFO Training triline_transformer_v3_alibi k=7 with_weather
2026-06-07 23:35:23,338 INFO   triline_transformer_v3_alibi k=7 with_weather: mean=29.2148 med=18.4099 fly_rec=0.6227
2026-06-07 23:35:23,338 INFO === with_weather k=14 ===
2026-06-07 23:35:38,544 INFO Training triline_lstm_2l k=14 with_weather
2026-06-07 23:36:29,404 INFO   triline_lstm_2l k=14 with_weather: mean=28.6280 med=17.3703 fly_rec=0.6973
2026-06-07 23:36:29,404 INFO Training triline_lstm_4l k=14 with_weather
2026-06-07 23:37:49,697 INFO   triline_lstm_4l k=14 with_weather: mean=21.4163 med=6.9362 fly_rec=0.7024
2026-06-07 23:37:49,697 INFO Training triline_lstm_6l k=14 with_weather
2026-06-07 23:39:54,631 INFO   triline_lstm_6l k=14 with_weather: mean=20.8881 med=5.1198 fly_rec=0.7143
2026-06-07 23:39:54,631 INFO Training triline_transformer_v2 k=14 with_weather
2026-06-07 23:42:33,122 INFO   triline_transformer_v2 k=14 with_weather: mean=26.2479 med=13.8570 fly_rec=0.7211
2026-06-07 23:42:33,122 INFO Training triline_transformer_v3 k=14 with_weather
2026-06-07 23:43:59,018 INFO   triline_transformer_v3 k=14 with_weather: mean=23.5762 med=10.5227 fly_rec=0.6616
2026-06-07 23:43:59,018 INFO Training triline_transformer_v3_alibi k=14 with_weather
2026-06-07 23:45:31,109 INFO   triline_transformer_v3_alibi k=14 with_weather: mean=28.6881 med=17.8512 fly_rec=0.6973
2026-06-07 23:45:31,109 INFO === with_weather k=30 ===
2026-06-07 23:45:43,510 INFO Training triline_lstm_2l k=30 with_weather
2026-06-07 23:46:26,426 INFO   triline_lstm_2l k=30 with_weather: mean=26.2314 med=15.4892 fly_rec=0.7252
2026-06-07 23:46:26,426 INFO Training triline_lstm_4l k=30 with_weather
2026-06-07 23:47:58,910 INFO   triline_lstm_4l k=30 with_weather: mean=21.6210 med=7.5322 fly_rec=0.6397
2026-06-07 23:47:58,911 INFO Training triline_lstm_6l k=30 with_weather
2026-06-07 23:50:24,556 INFO   triline_lstm_6l k=30 with_weather: mean=20.5186 med=5.8220 fly_rec=0.6721
2026-06-07 23:50:24,556 INFO Training triline_transformer_v2 k=30 with_weather
2026-06-07 23:52:03,253 INFO   triline_transformer_v2 k=30 with_weather: mean=18.6007 med=4.1247 fly_rec=0.6559
2026-06-07 23:52:03,254 INFO Training triline_transformer_v3 k=30 with_weather
2026-06-07 23:53:28,300 INFO   triline_transformer_v3 k=30 with_weather: mean=26.7193 med=16.2675 fly_rec=0.6490
2026-06-07 23:53:28,300 INFO Training triline_transformer_v3_alibi k=30 with_weather
2026-06-07 23:54:44,860 INFO   triline_transformer_v3_alibi k=30 with_weather: mean=23.0328 med=11.8571 fly_rec=0.6374
2026-06-07 23:54:44,860 INFO === without_weather k=7 ===
2026-06-07 23:54:59,936 INFO Training triline_lstm_2l k=7 without_weather
2026-06-07 23:56:03,484 INFO   triline_lstm_2l k=7 without_weather: mean=30.6730 med=20.9157 fly_rec=0.7205
2026-06-07 23:56:03,484 INFO Training triline_lstm_4l k=7 without_weather
2026-06-07 23:57:34,073 INFO   triline_lstm_4l k=7 without_weather: mean=22.6423 med=9.0269 fly_rec=0.7065
2026-06-07 23:57:34,073 INFO Training triline_lstm_6l k=7 without_weather
2026-06-07 23:59:37,840 INFO   triline_lstm_6l k=7 without_weather: mean=20.8960 med=6.0958 fly_rec=0.7438
2026-06-07 23:59:37,841 INFO Training triline_transformer_v2 k=7 without_weather
2026-06-08 00:01:04,844 INFO   triline_transformer_v2 k=7 without_weather: mean=30.5100 med=19.9136 fly_rec=0.7345
2026-06-08 00:01:04,845 INFO Training triline_transformer_v3 k=7 without_weather
2026-06-08 00:01:54,054 INFO   triline_transformer_v3 k=7 without_weather: mean=28.1011 med=16.6472 fly_rec=0.7236
2026-06-08 00:01:54,054 INFO Training triline_transformer_v3_alibi k=7 without_weather
2026-06-08 00:02:22,979 INFO   triline_transformer_v3_alibi k=7 without_weather: mean=30.4004 med=20.6742 fly_rec=0.7143
2026-06-08 00:02:22,979 INFO === without_weather k=14 ===
2026-06-08 00:02:28,953 INFO Training triline_lstm_2l k=14 without_weather
2026-06-08 00:02:43,614 INFO   triline_lstm_2l k=14 without_weather: mean=29.4342 med=18.7577 fly_rec=0.7347
2026-06-08 00:02:43,615 INFO Training triline_lstm_4l k=14 without_weather
2026-06-08 00:03:06,874 INFO   triline_lstm_4l k=14 without_weather: mean=22.0164 med=6.6705 fly_rec=0.7364
2026-06-08 00:03:06,874 INFO Training triline_lstm_6l k=14 without_weather
2026-06-08 00:03:32,735 INFO   triline_lstm_6l k=14 without_weather: mean=21.3285 med=5.8767 fly_rec=0.7500
2026-06-08 00:03:32,736 INFO Training triline_transformer_v2 k=14 without_weather
2026-06-08 00:04:12,707 INFO   triline_transformer_v2 k=14 without_weather: mean=25.6391 med=12.4178 fly_rec=0.7534
2026-06-08 00:04:12,707 INFO Training triline_transformer_v3 k=14 without_weather
2026-06-08 00:04:41,720 INFO   triline_transformer_v3 k=14 without_weather: mean=29.8092 med=18.9303 fly_rec=0.7092
2026-06-08 00:04:41,721 INFO Training triline_transformer_v3_alibi k=14 without_weather
2026-06-08 00:05:11,960 INFO   triline_transformer_v3_alibi k=14 without_weather: mean=34.1794 med=25.1815 fly_rec=0.7041
2026-06-08 00:05:11,960 INFO === without_weather k=30 ===
2026-06-08 00:05:16,669 INFO Training triline_lstm_2l k=30 without_weather
2026-06-08 00:05:29,402 INFO   triline_lstm_2l k=30 without_weather: mean=31.3775 med=22.2935 fly_rec=0.7390
2026-06-08 00:05:29,402 INFO Training triline_lstm_4l k=30 without_weather
2026-06-08 00:05:55,170 INFO   triline_lstm_4l k=30 without_weather: mean=18.8757 med=4.3304 fly_rec=0.7298
2026-06-08 00:05:55,170 INFO Training triline_lstm_6l k=30 without_weather
2026-06-08 00:06:35,054 INFO   triline_lstm_6l k=30 without_weather: mean=20.6684 med=7.3417 fly_rec=0.7159
2026-06-08 00:06:35,054 INFO Training triline_transformer_v2 k=30 without_weather
2026-06-08 00:07:00,128 INFO   triline_transformer_v2 k=30 without_weather: mean=27.1822 med=16.3190 fly_rec=0.7229
2026-06-08 00:07:00,128 INFO Training triline_transformer_v3 k=30 without_weather
2026-06-08 00:07:21,582 INFO   triline_transformer_v3 k=30 without_weather: mean=28.2217 med=18.1307 fly_rec=0.7460
2026-06-08 00:07:21,582 INFO Training triline_transformer_v3_alibi k=30 without_weather
2026-06-08 00:07:55,381 INFO   triline_transformer_v3_alibi k=30 without_weather: mean=31.4830 med=20.7942 fly_rec=0.6952
2026-06-08 00:07:55,383 INFO Done. Results → D:\UCSD\ECE 228\ECE-228-Project\Transformer_Optimization_Experiment_V2\outputs
