2026-05-29 18:03:04,101 INFO Using device: cpu
2026-05-29 18:03:04,314 INFO Running setup_30km with fly threshold 30.0 km
2026-05-29 18:03:16,374 INFO setup_30km running direct_transformer_2l_k7
2026-05-29 18:03:18,053 INFO setup_30km running direct_mlp_last_day_k1
2026-05-29 18:03:18,194 INFO setup_30km running direct_mlp_sequence_k30
2026-05-29 18:03:18,302 INFO setup_30km running triline_transformer_2l_k7
2026-05-29 18:03:19,592 INFO setup_30km running triline_transformer_3l_k30
2026-05-29 18:03:23,137 INFO setup_30km running triline_transformer_4l_k30
2026-05-29 18:03:27,606 INFO setup_30km running triline_lstm_2l_k7
2026-05-29 18:03:28,444 INFO setup_30km running triline_linear_ar_full_k7
2026-05-29 18:03:28,934 INFO setup_30km running triline_linear_ar_delta_k30
2026-05-29 18:03:29,330 INFO Running setup_10km with fly threshold 10.0 km
2026-05-29 18:03:41,452 INFO setup_10km running direct_transformer_2l_k7
2026-05-29 18:03:42,361 INFO setup_10km running direct_mlp_last_day_k1
2026-05-29 18:03:42,481 INFO setup_10km running direct_mlp_sequence_k30
2026-05-29 18:03:42,574 INFO setup_10km running triline_transformer_2l_k7
2026-05-29 18:03:43,780 INFO setup_10km running triline_transformer_3l_k30
2026-05-29 18:03:47,076 INFO setup_10km running triline_transformer_4l_k30
2026-05-29 18:03:51,680 INFO setup_10km running triline_lstm_2l_k7
2026-05-29 18:03:52,514 INFO setup_10km running triline_linear_ar_full_k7
2026-05-29 18:03:52,992 INFO setup_10km running triline_linear_ar_delta_k30
