2026-05-30 19:46:35,498 INFO Using device: cuda
2026-05-30 19:46:35,499 INFO CUDA device: NVIDIA GeForce RTX 5090
2026-05-30 19:46:35,725 INFO Running setup_30km with fly threshold 30.0 km
2026-05-30 19:46:52,628 INFO setup_30km running direct_transformer_2l_k7
2026-05-30 19:47:03,626 INFO setup_30km running direct_transformer_2l_k14
2026-05-30 19:47:12,092 INFO setup_30km running direct_mlp_last_day_k1
2026-05-30 19:47:19,057 INFO setup_30km running triline_lstm_2l_k7__mild_bins
2026-05-30 19:47:39,078 INFO setup_30km running triline_lstm_2l_k7__medium_bins
2026-05-30 19:47:58,941 INFO setup_30km running triline_lstm_2l_k7__distance_only
2026-05-30 19:48:18,982 INFO setup_30km running triline_lstm_2l_k7__current_bins
2026-05-30 19:48:40,735 INFO setup_30km running triline_transformer_2l_k7__mild_bins
2026-05-30 19:49:08,500 INFO setup_30km running triline_transformer_2l_k7__medium_bins
2026-05-30 19:49:29,393 INFO setup_30km running triline_transformer_2l_k7__distance_only
2026-05-30 19:50:03,750 INFO setup_30km running triline_transformer_2l_k7__current_bins
2026-05-30 19:50:29,943 INFO setup_30km running triline_transformer_4l_k7__mild_bins
2026-05-30 19:51:00,239 INFO setup_30km running triline_transformer_4l_k7__medium_bins
2026-05-30 19:51:28,628 INFO setup_30km running triline_transformer_4l_k7__distance_only
2026-05-30 19:52:05,852 INFO setup_30km running triline_transformer_4l_k7__current_bins
2026-05-30 19:52:32,819 INFO setup_30km running triline_lstm_2l_k14__mild_bins
2026-05-30 19:52:52,794 INFO setup_30km running triline_lstm_2l_k14__medium_bins
2026-05-30 19:53:19,842 INFO setup_30km running triline_lstm_2l_k14__distance_only
2026-05-30 19:53:45,353 INFO setup_30km running triline_lstm_2l_k14__current_bins
2026-05-30 19:54:14,352 INFO Running setup_10km with fly threshold 10.0 km
2026-05-30 19:54:39,922 INFO setup_10km running direct_transformer_2l_k7
2026-05-30 19:55:01,820 INFO setup_10km running direct_transformer_2l_k14
2026-05-30 19:55:20,505 INFO setup_10km running direct_mlp_last_day_k1
2026-05-30 19:55:34,080 INFO setup_10km running triline_lstm_2l_k7__mild_bins
2026-05-30 19:56:20,951 INFO setup_10km running triline_lstm_2l_k7__medium_bins
2026-05-30 19:56:58,556 INFO setup_10km running triline_lstm_2l_k7__distance_only
2026-05-30 19:57:39,663 INFO setup_10km running triline_lstm_2l_k7__current_bins
2026-05-30 19:58:09,449 INFO setup_10km running triline_transformer_2l_k7__mild_bins
2026-05-30 19:58:45,780 INFO setup_10km running triline_transformer_2l_k7__medium_bins
2026-05-30 19:59:18,849 INFO setup_10km running triline_transformer_2l_k7__distance_only
2026-05-30 19:59:56,193 INFO setup_10km running triline_transformer_2l_k7__current_bins
2026-05-30 20:00:42,118 INFO setup_10km running triline_transformer_4l_k7__mild_bins
2026-05-30 20:01:20,806 INFO setup_10km running triline_transformer_4l_k7__medium_bins
2026-05-30 20:01:56,840 INFO setup_10km running triline_transformer_4l_k7__distance_only
2026-05-30 20:02:34,146 INFO setup_10km running triline_transformer_4l_k7__current_bins
2026-05-30 20:03:24,401 INFO setup_10km running triline_lstm_2l_k14__mild_bins
2026-05-30 20:03:56,074 INFO setup_10km running triline_lstm_2l_k14__medium_bins
2026-05-30 20:04:26,652 INFO setup_10km running triline_lstm_2l_k14__distance_only
2026-05-30 20:04:59,074 INFO setup_10km running triline_lstm_2l_k14__current_bins
2026-05-30 20:05:39,861 INFO setup_30km rolling out 20 test paths
2026-05-30 20:06:29,115 INFO setup_10km rolling out 20 test paths
2026-05-30 20:07:17,040 INFO All-path rollout explorer saved to D:\UCSD\ECE 228\ECE-228-Project\DistanceWeightTuneV2\rollout_all
